2026-09-01 19:18:26,156 INFO fetching 2262 business days x 2 markets = 4524 calls
2026-09-01 19:21:33,599 INFO fetching 6 business days x 2 markets = 12 calls
2026-09-01 19:21:37,408 INFO wrote 12 rows to data\raw_smoketest_idx\index_price.parquet (date range 2026-08-24 ~ 2026-08-31)
2026-09-01 19:27:54,745 WARNING request error on sto/ksq_bydd_trd {'basDd': '20190328'} (attempt 1/5): ('Connection aborted.', RemoteDisconnected('Remote end closed connection without response')) -- retrying in 1.0s
2026-09-01 20:10:17,919 WARNING request error on sto/ksq_bydd_trd {'basDd': '20191004'} (attempt 1/5): ('Connection aborted.', RemoteDisconnected('Remote end closed connection without response')) -- retrying in 1.0s
2026-09-01 20:10:18,952 WARNING request error on sto/ksq_bydd_trd {'basDd': '20191004'} (attempt 2/5): HTTPSConnectionPool(host='data-dbg.krx.co.kr', port=443): Max retries exceeded with url: /svc/apis/sto/ksq_bydd_trd?basDd=20191004 (Caused by NameResolutionError("HTTPSConnection(host='data-dbg.krx.co.kr', port=443): Failed to resolve 'data-dbg.krx.co.kr' ([Errno 11001] getaddrinfo failed)")) -- retrying in 1.5s
2026-09-01 20:10:20,456 WARNING request error on sto/ksq_bydd_trd {'basDd': '20191004'} (attempt 3/5): HTTPSConnectionPool(host='data-dbg.krx.co.kr', port=443): Max retries exceeded with url: /svc/apis/sto/ksq_bydd_trd?basDd=20191004 (Caused by NameResolutionError("HTTPSConnection(host='data-dbg.krx.co.kr', port=443): Failed to resolve 'data-dbg.krx.co.kr' ([Errno 11001] getaddrinfo failed)")) -- retrying in 2.2s
2026-09-01 20:10:22,708 WARNING request error on sto/ksq_bydd_trd {'basDd': '20191004'} (attempt 4/5): HTTPSConnectionPool(host='data-dbg.krx.co.kr', port=443): Max retries exceeded with url: /svc/apis/sto/ksq_bydd_trd?basDd=20191004 (Caused by NameResolutionError("HTTPSConnection(host='data-dbg.krx.co.kr', port=443): Failed to resolve 'data-dbg.krx.co.kr' ([Errno 11001] getaddrinfo failed)")) -- retrying in 3.4s
2026-09-01 21:39:53,787 WARNING request error on sto/ksq_bydd_trd {'basDd': '20191004'} (attempt 5/5): HTTPSConnectionPool(host='data-dbg.krx.co.kr', port=443): Max retries exceeded with url: /svc/apis/sto/ksq_bydd_trd?basDd=20191004 (Caused by NameResolutionError("HTTPSConnection(host='data-dbg.krx.co.kr', port=443): Failed to resolve 'data-dbg.krx.co.kr' ([Errno 11001] getaddrinfo failed)")) -- retrying in 5.1s
2026-09-01 21:39:58,861 ERROR failed KOSDAQ 20191004: giving up on sto/ksq_bydd_trd {'basDd': '20191004'} after 5 attempts
2026-09-01 22:45:48,644 INFO wrote 530999 rows to data\raw\daily_price\year=2018
2026-09-01 22:45:48,977 INFO wrote 553916 rows to data\raw\daily_price\year=2019
2026-09-01 22:45:49,283 INFO wrote 580252 rows to data\raw\daily_price\year=2020
2026-09-01 22:45:49,662 INFO wrote 603794 rows to data\raw\daily_price\year=2021
2026-09-01 22:45:50,019 INFO wrote 617757 rows to data\raw\daily_price\year=2022
2026-09-01 22:45:50,379 INFO wrote 637754 rows to data\raw\daily_price\year=2023
2026-09-01 22:45:50,768 INFO wrote 657429 rows to data\raw\daily_price\year=2024
2026-09-01 22:45:51,176 INFO wrote 667913 rows to data\raw\daily_price\year=2025
2026-09-01 22:45:51,469 INFO wrote 448790 rows to data\raw\daily_price\year=2026
2026-09-01 22:45:55,862 INFO wrote 3186 tickers to data\raw\ticker_meta\ticker_meta.parquet
2026-09-01 22:45:56,611 INFO done. 5298604 total rows, 3186 unique tickers, date range 2018-01-02 ~ 2026-08-31
2026-09-01 22:46:29,447 INFO wrote 3186 tickers to data\raw\ticker_meta\ticker_meta.parquet
2026-09-01 22:46:35,766 INFO fetching 2262 business days x 2 markets = 4524 calls
2026-09-01 23:13:33,089 ERROR failed KOSPI 20260226: Expecting value: line 1 column 1 (char 0)
2026-09-01 23:15:12,035 INFO wrote 4249 rows to data\raw\index_price\index_price.parquet (date range 2018-01-02 ~ 2026-08-31)
2026-09-02 15:25:06,206 INFO fetching 2263 business days x 2 markets = 4526 calls
2026-09-02 16:01:12,390 ERROR failed KOSDAQ 20220314: Expecting value: line 1 column 1 (char 0)
2026-09-02 16:07:43,667 WARNING request error on sto/ksq_bydd_trd {'basDd': '20221125'} (attempt 1/5): HTTPSConnectionPool(host='data-dbg.krx.co.kr', port=443): Read timed out. (read timeout=15.0) -- retrying in 1.0s
2026-09-02 16:07:44,672 WARNING request error on sto/ksq_bydd_trd {'basDd': '20221125'} (attempt 2/5): HTTPSConnectionPool(host='data-dbg.krx.co.kr', port=443): Max retries exceeded with url: /svc/apis/sto/ksq_bydd_trd?basDd=20221125 (Caused by NameResolutionError("HTTPSConnection(host='data-dbg.krx.co.kr', port=443): Failed to resolve 'data-dbg.krx.co.kr' ([Errno 11001] getaddrinfo failed)")) -- retrying in 1.5s
2026-09-02 16:07:46,176 WARNING request error on sto/ksq_bydd_trd {'basDd': '20221125'} (attempt 3/5): HTTPSConnectionPool(host='data-dbg.krx.co.kr', port=443): Max retries exceeded with url: /svc/apis/sto/ksq_bydd_trd?basDd=20221125 (Caused by NameResolutionError("HTTPSConnection(host='data-dbg.krx.co.kr', port=443): Failed to resolve 'data-dbg.krx.co.kr' ([Errno 11001] getaddrinfo failed)")) -- retrying in 2.2s
2026-09-02 16:08:50,159 WARNING request error on sto/ksq_bydd_trd {'basDd': '20221209'} (attempt 1/5): HTTPSConnectionPool(host='data-dbg.krx.co.kr', port=443): Read timed out. (read timeout=15.0) -- retrying in 1.0s
2026-09-02 16:24:45,210 WARNING request error on sto/ksq_bydd_trd {'basDd': '20240926'} (attempt 1/5): HTTPSConnectionPool(host='data-dbg.krx.co.kr', port=443): Read timed out. (read timeout=15.0) -- retrying in 1.0s
2026-09-02 16:24:58,250 WARNING request error on sto/ksq_bydd_trd {'basDd': '20240926'} (attempt 2/5): HTTPSConnectionPool(host='data-dbg.krx.co.kr', port=443): Max retries exceeded with url: /svc/apis/sto/ksq_bydd_trd?basDd=20240926 (Caused by NameResolutionError("HTTPSConnection(host='data-dbg.krx.co.kr', port=443): Failed to resolve 'data-dbg.krx.co.kr' ([Errno 11001] getaddrinfo failed)")) -- retrying in 1.5s
2026-09-02 16:25:11,795 WARNING request error on sto/ksq_bydd_trd {'basDd': '20240926'} (attempt 3/5): HTTPSConnectionPool(host='data-dbg.krx.co.kr', port=443): Max retries exceeded with url: /svc/apis/sto/ksq_bydd_trd?basDd=20240926 (Caused by NameResolutionError("HTTPSConnection(host='data-dbg.krx.co.kr', port=443): Failed to resolve 'data-dbg.krx.co.kr' ([Errno 11001] getaddrinfo failed)")) -- retrying in 2.2s
2026-09-02 16:28:38,949 WARNING request error on sto/ksq_bydd_trd {'basDd': '20250206'} (attempt 1/5): HTTPSConnectionPool(host='data-dbg.krx.co.kr', port=443): Read timed out. (read timeout=15.0) -- retrying in 1.0s
2026-09-02 16:28:51,998 WARNING request error on sto/ksq_bydd_trd {'basDd': '20250206'} (attempt 2/5): HTTPSConnectionPool(host='data-dbg.krx.co.kr', port=443): Max retries exceeded with url: /svc/apis/sto/ksq_bydd_trd?basDd=20250206 (Caused by NameResolutionError("HTTPSConnection(host='data-dbg.krx.co.kr', port=443): Failed to resolve 'data-dbg.krx.co.kr' ([Errno 11001] getaddrinfo failed)")) -- retrying in 1.5s
2026-09-02 16:29:05,549 WARNING request error on sto/ksq_bydd_trd {'basDd': '20250206'} (attempt 3/5): HTTPSConnectionPool(host='data-dbg.krx.co.kr', port=443): Max retries exceeded with url: /svc/apis/sto/ksq_bydd_trd?basDd=20250206 (Caused by NameResolutionError("HTTPSConnection(host='data-dbg.krx.co.kr', port=443): Failed to resolve 'data-dbg.krx.co.kr' ([Errno 11001] getaddrinfo failed)")) -- retrying in 2.2s
2026-09-02 16:29:07,804 WARNING request error on sto/ksq_bydd_trd {'basDd': '20250206'} (attempt 4/5): HTTPSConnectionPool(host='data-dbg.krx.co.kr', port=443): Max retries exceeded with url: /svc/apis/sto/ksq_bydd_trd?basDd=20250206 (Caused by NameResolutionError("HTTPSConnection(host='data-dbg.krx.co.kr', port=443): Failed to resolve 'data-dbg.krx.co.kr' ([Errno 11001] getaddrinfo failed)")) -- retrying in 3.4s
2026-09-02 16:29:11,182 WARNING request error on sto/ksq_bydd_trd {'basDd': '20250206'} (attempt 5/5): HTTPSConnectionPool(host='data-dbg.krx.co.kr', port=443): Max retries exceeded with url: /svc/apis/sto/ksq_bydd_trd?basDd=20250206 (Caused by NameResolutionError("HTTPSConnection(host='data-dbg.krx.co.kr', port=443): Failed to resolve 'data-dbg.krx.co.kr' ([Errno 11001] getaddrinfo failed)")) -- retrying in 5.1s
2026-09-02 16:29:16,246 ERROR failed KOSDAQ 20250206: giving up on sto/ksq_bydd_trd {'basDd': '20250206'} after 5 attempts
2026-09-02 16:30:50,673 WARNING request error on sto/ksq_bydd_trd {'basDd': '20250307'} (attempt 1/5): HTTPSConnectionPool(host='data-dbg.krx.co.kr', port=443): Read timed out. (read timeout=15.0) -- retrying in 1.0s
2026-09-02 16:31:53,032 WARNING request error on sto/ksq_bydd_trd {'basDd': '20250402'} (attempt 1/5): HTTPSConnectionPool(host='data-dbg.krx.co.kr', port=443): Read timed out. (read timeout=15.0) -- retrying in 1.0s
2026-09-02 16:31:54,035 WARNING request error on sto/ksq_bydd_trd {'basDd': '20250402'} (attempt 2/5): HTTPSConnectionPool(host='data-dbg.krx.co.kr', port=443): Max retries exceeded with url: /svc/apis/sto/ksq_bydd_trd?basDd=20250402 (Caused by NameResolutionError("HTTPSConnection(host='data-dbg.krx.co.kr', port=443): Failed to resolve 'data-dbg.krx.co.kr' ([Errno 11001] getaddrinfo failed)")) -- retrying in 1.5s
2026-09-02 16:31:55,537 WARNING request error on sto/ksq_bydd_trd {'basDd': '20250402'} (attempt 3/5): HTTPSConnectionPool(host='data-dbg.krx.co.kr', port=443): Max retries exceeded with url: /svc/apis/sto/ksq_bydd_trd?basDd=20250402 (Caused by NameResolutionError("HTTPSConnection(host='data-dbg.krx.co.kr', port=443): Failed to resolve 'data-dbg.krx.co.kr' ([Errno 11001] getaddrinfo failed)")) -- retrying in 2.2s
2026-09-02 16:31:57,790 WARNING request error on sto/ksq_bydd_trd {'basDd': '20250402'} (attempt 4/5): HTTPSConnectionPool(host='data-dbg.krx.co.kr', port=443): Max retries exceeded with url: /svc/apis/sto/ksq_bydd_trd?basDd=20250402 (Caused by NameResolutionError("HTTPSConnection(host='data-dbg.krx.co.kr', port=443): Failed to resolve 'data-dbg.krx.co.kr' ([Errno 11001] getaddrinfo failed)")) -- retrying in 3.4s
2026-09-02 16:32:01,168 WARNING request error on sto/ksq_bydd_trd {'basDd': '20250402'} (attempt 5/5): HTTPSConnectionPool(host='data-dbg.krx.co.kr', port=443): Max retries exceeded with url: /svc/apis/sto/ksq_bydd_trd?basDd=20250402 (Caused by NameResolutionError("HTTPSConnection(host='data-dbg.krx.co.kr', port=443): Failed to resolve 'data-dbg.krx.co.kr' ([Errno 11001] getaddrinfo failed)")) -- retrying in 5.1s
2026-09-02 16:32:06,232 ERROR failed KOSDAQ 20250402: giving up on sto/ksq_bydd_trd {'basDd': '20250402'} after 5 attempts
2026-09-02 16:32:06,235 WARNING request error on sto/stk_bydd_trd {'basDd': '20250403'} (attempt 1/5): HTTPSConnectionPool(host='data-dbg.krx.co.kr', port=443): Max retries exceeded with url: /svc/apis/sto/stk_bydd_trd?basDd=20250403 (Caused by NameResolutionError("HTTPSConnection(host='data-dbg.krx.co.kr', port=443): Failed to resolve 'data-dbg.krx.co.kr' ([Errno 11001] getaddrinfo failed)")) -- retrying in 1.0s
2026-09-02 16:32:07,237 WARNING request error on sto/stk_bydd_trd {'basDd': '20250403'} (attempt 2/5): HTTPSConnectionPool(host='data-dbg.krx.co.kr', port=443): Max retries exceeded with url: /svc/apis/sto/stk_bydd_trd?basDd=20250403 (Caused by NameResolutionError("HTTPSConnection(host='data-dbg.krx.co.kr', port=443): Failed to resolve 'data-dbg.krx.co.kr' ([Errno 11001] getaddrinfo failed)")) -- retrying in 1.5s
2026-09-02 16:32:08,742 WARNING request error on sto/stk_bydd_trd {'basDd': '20250403'} (attempt 3/5): HTTPSConnectionPool(host='data-dbg.krx.co.kr', port=443): Max retries exceeded with url: /svc/apis/sto/stk_bydd_trd?basDd=20250403 (Caused by NameResolutionError("HTTPSConnection(host='data-dbg.krx.co.kr', port=443): Failed to resolve 'data-dbg.krx.co.kr' ([Errno 11001] getaddrinfo failed)")) -- retrying in 2.2s
2026-09-02 16:32:10,995 WARNING request error on sto/stk_bydd_trd {'basDd': '20250403'} (attempt 4/5): HTTPSConnectionPool(host='data-dbg.krx.co.kr', port=443): Max retries exceeded with url: /svc/apis/sto/stk_bydd_trd?basDd=20250403 (Caused by NameResolutionError("HTTPSConnection(host='data-dbg.krx.co.kr', port=443): Failed to resolve 'data-dbg.krx.co.kr' ([Errno 11001] getaddrinfo failed)")) -- retrying in 3.4s
2026-09-02 16:32:14,374 WARNING request error on sto/stk_bydd_trd {'basDd': '20250403'} (attempt 5/5): HTTPSConnectionPool(host='data-dbg.krx.co.kr', port=443): Max retries exceeded with url: /svc/apis/sto/stk_bydd_trd?basDd=20250403 (Caused by NameResolutionError("HTTPSConnection(host='data-dbg.krx.co.kr', port=443): Failed to resolve 'data-dbg.krx.co.kr' ([Errno 11001] getaddrinfo failed)")) -- retrying in 5.1s
2026-09-02 16:32:19,438 ERROR failed KOSPI 20250403: giving up on sto/stk_bydd_trd {'basDd': '20250403'} after 5 attempts
2026-09-02 16:32:19,440 WARNING request error on sto/ksq_bydd_trd {'basDd': '20250403'} (attempt 1/5): HTTPSConnectionPool(host='data-dbg.krx.co.kr', port=443): Max retries exceeded with url: /svc/apis/sto/ksq_bydd_trd?basDd=20250403 (Caused by NameResolutionError("HTTPSConnection(host='data-dbg.krx.co.kr', port=443): Failed to resolve 'data-dbg.krx.co.kr' ([Errno 11001] getaddrinfo failed)")) -- retrying in 1.0s
2026-09-02 16:32:20,443 WARNING request error on sto/ksq_bydd_trd {'basDd': '20250403'} (attempt 2/5): HTTPSConnectionPool(host='data-dbg.krx.co.kr', port=443): Max retries exceeded with url: /svc/apis/sto/ksq_bydd_trd?basDd=20250403 (Caused by NameResolutionError("HTTPSConnection(host='data-dbg.krx.co.kr', port=443): Failed to resolve 'data-dbg.krx.co.kr' ([Errno 11001] getaddrinfo failed)")) -- retrying in 1.5s
2026-09-02 16:32:21,947 WARNING request error on sto/ksq_bydd_trd {'basDd': '20250403'} (attempt 3/5): HTTPSConnectionPool(host='data-dbg.krx.co.kr', port=443): Max retries exceeded with url: /svc/apis/sto/ksq_bydd_trd?basDd=20250403 (Caused by NameResolutionError("HTTPSConnection(host='data-dbg.krx.co.kr', port=443): Failed to resolve 'data-dbg.krx.co.kr' ([Errno 11001] getaddrinfo failed)")) -- retrying in 2.2s
2026-09-02 16:32:24,201 WARNING request error on sto/ksq_bydd_trd {'basDd': '20250403'} (attempt 4/5): HTTPSConnectionPool(host='data-dbg.krx.co.kr', port=443): Max retries exceeded with url: /svc/apis/sto/ksq_bydd_trd?basDd=20250403 (Caused by NameResolutionError("HTTPSConnection(host='data-dbg.krx.co.kr', port=443): Failed to resolve 'data-dbg.krx.co.kr' ([Errno 11001] getaddrinfo failed)")) -- retrying in 3.4s
2026-09-02 16:32:27,579 WARNING request error on sto/ksq_bydd_trd {'basDd': '20250403'} (attempt 5/5): HTTPSConnectionPool(host='data-dbg.krx.co.kr', port=443): Max retries exceeded with url: /svc/apis/sto/ksq_bydd_trd?basDd=20250403 (Caused by NameResolutionError("HTTPSConnection(host='data-dbg.krx.co.kr', port=443): Failed to resolve 'data-dbg.krx.co.kr' ([Errno 11001] getaddrinfo failed)")) -- retrying in 5.1s
2026-09-02 16:32:32,642 ERROR failed KOSDAQ 20250403: giving up on sto/ksq_bydd_trd {'basDd': '20250403'} after 5 attempts
2026-09-02 16:32:32,644 WARNING request error on sto/stk_bydd_trd {'basDd': '20250404'} (attempt 1/5): HTTPSConnectionPool(host='data-dbg.krx.co.kr', port=443): Max retries exceeded with url: /svc/apis/sto/stk_bydd_trd?basDd=20250404 (Caused by NameResolutionError("HTTPSConnection(host='data-dbg.krx.co.kr', port=443): Failed to resolve 'data-dbg.krx.co.kr' ([Errno 11001] getaddrinfo failed)")) -- retrying in 1.0s
2026-09-02 16:32:33,648 WARNING request error on sto/stk_bydd_trd {'basDd': '20250404'} (attempt 2/5): HTTPSConnectionPool(host='data-dbg.krx.co.kr', port=443): Max retries exceeded with url: /svc/apis/sto/stk_bydd_trd?basDd=20250404 (Caused by NameResolutionError("HTTPSConnection(host='data-dbg.krx.co.kr', port=443): Failed to resolve 'data-dbg.krx.co.kr' ([Errno 11001] getaddrinfo failed)")) -- retrying in 1.5s
2026-09-02 16:32:35,151 WARNING request error on sto/stk_bydd_trd {'basDd': '20250404'} (attempt 3/5): HTTPSConnectionPool(host='data-dbg.krx.co.kr', port=443): Max retries exceeded with url: /svc/apis/sto/stk_bydd_trd?basDd=20250404 (Caused by NameResolutionError("HTTPSConnection(host='data-dbg.krx.co.kr', port=443): Failed to resolve 'data-dbg.krx.co.kr' ([Errno 11001] getaddrinfo failed)")) -- retrying in 2.2s
2026-09-02 16:32:37,405 WARNING request error on sto/stk_bydd_trd {'basDd': '20250404'} (attempt 4/5): HTTPSConnectionPool(host='data-dbg.krx.co.kr', port=443): Max retries exceeded with url: /svc/apis/sto/stk_bydd_trd?basDd=20250404 (Caused by NameResolutionError("HTTPSConnection(host='data-dbg.krx.co.kr', port=443): Failed to resolve 'data-dbg.krx.co.kr' ([Errno 11001] getaddrinfo failed)")) -- retrying in 3.4s
2026-09-02 16:32:40,783 WARNING request error on sto/stk_bydd_trd {'basDd': '20250404'} (attempt 5/5): HTTPSConnectionPool(host='data-dbg.krx.co.kr', port=443): Max retries exceeded with url: /svc/apis/sto/stk_bydd_trd?basDd=20250404 (Caused by NameResolutionError("HTTPSConnection(host='data-dbg.krx.co.kr', port=443): Failed to resolve 'data-dbg.krx.co.kr' ([Errno 11001] getaddrinfo failed)")) -- retrying in 5.1s
2026-09-02 16:32:45,847 ERROR failed KOSPI 20250404: giving up on sto/stk_bydd_trd {'basDd': '20250404'} after 5 attempts
2026-09-02 16:32:45,849 WARNING request error on sto/ksq_bydd_trd {'basDd': '20250404'} (attempt 1/5): HTTPSConnectionPool(host='data-dbg.krx.co.kr', port=443): Max retries exceeded with url: /svc/apis/sto/ksq_bydd_trd?basDd=20250404 (Caused by NameResolutionError("HTTPSConnection(host='data-dbg.krx.co.kr', port=443): Failed to resolve 'data-dbg.krx.co.kr' ([Errno 11001] getaddrinfo failed)")) -- retrying in 1.0s
2026-09-02 16:32:46,933 WARNING request error on sto/ksq_bydd_trd {'basDd': '20250404'} (attempt 2/5): HTTPSConnectionPool(host='data-dbg.krx.co.kr', port=443): Max retries exceeded with url: /svc/apis/sto/ksq_bydd_trd?basDd=20250404 (Caused by NameResolutionError("HTTPSConnection(host='data-dbg.krx.co.kr', port=443): Failed to resolve 'data-dbg.krx.co.kr' ([Errno 11001] getaddrinfo failed)")) -- retrying in 1.5s
2026-09-02 16:32:48,436 WARNING request error on sto/ksq_bydd_trd {'basDd': '20250404'} (attempt 3/5): HTTPSConnectionPool(host='data-dbg.krx.co.kr', port=443): Max retries exceeded with url: /svc/apis/sto/ksq_bydd_trd?basDd=20250404 (Caused by NameResolutionError("HTTPSConnection(host='data-dbg.krx.co.kr', port=443): Failed to resolve 'data-dbg.krx.co.kr' ([Errno 11001] getaddrinfo failed)")) -- retrying in 2.2s
2026-09-02 16:47:49,917 INFO wrote 530999 rows to data\raw\daily_price\year=2018
2026-09-02 16:47:50,235 INFO wrote 555287 rows to data\raw\daily_price\year=2019
2026-09-02 16:47:50,559 INFO wrote 580252 rows to data\raw\daily_price\year=2020
2026-09-02 16:47:50,943 INFO wrote 603794 rows to data\raw\daily_price\year=2021
2026-09-02 16:47:51,281 INFO wrote 616204 rows to data\raw\daily_price\year=2022
2026-09-02 16:47:51,619 INFO wrote 637754 rows to data\raw\daily_price\year=2023
2026-09-02 16:47:51,991 INFO wrote 657429 rows to data\raw\daily_price\year=2024
2026-09-02 16:47:52,350 INFO wrote 660610 rows to data\raw\daily_price\year=2025
2026-09-02 16:47:52,604 INFO wrote 451555 rows to data\raw\daily_price\year=2026
2026-09-02 16:47:56,041 INFO wrote 3186 tickers to data\raw\ticker_meta\ticker_meta.parquet
2026-09-02 16:47:56,792 INFO done. 5293884 total rows, 3186 unique tickers, date range 2018-01-02 ~ 2026-09-01
2026-09-02 16:49:10,263 INFO wrote 3186 tickers to data\raw\ticker_meta\ticker_meta.parquet
