universe loaded: 3265973 rows in 2.4s
2026-09-02 19:02:02,001 INFO macd_crossover: 62355 signals -> 62199 trades executed (2018-01-01 ~ 2023-12-31)
backtest took 36.4s -> 62199 trades

=== summary (all years) ===
{'n_signals_executed': 62199, 'n_delisted_early': 1, 'mean_return': np.float64(-0.008950786499561908), 'median_return': np.float64(-0.016217696318375833), 'win_rate': np.float64(0.41986205566005885), 'mdd': np.float64(-0.7666013788324053)}

=== summary (ex-2020) ===
{'n_trades': 50913, 'mean_return': np.float64(-0.012641342790675691), 'median_return': np.float64(-0.017734589011046974), 'win_rate': np.float64(0.40869718932296273)}

distribution:
 0.05   -0.178542
0.25   -0.072858
0.50   -0.016218
0.75    0.040265
0.95    0.193559
Name: net_return, dtype: float64

yearly:
    year  n_trades  mean_return  median_return  win_rate
0  2018      8066    -0.022460      -0.024958  0.376271
1  2019      8448    -0.009635      -0.011044  0.437737
2  2020     11286     0.007698      -0.007163  0.470229
3  2021     14089    -0.006741      -0.016194  0.411527
4  2022      9756    -0.019030      -0.022493  0.396781
5  2023     10554    -0.009515      -0.016088  0.417472

exit_reason:
 exit_reason
normal            62198
delisted_early        1
Name: count, dtype: int64
