universe loaded: 3265973 rows in 1.8s
2026-09-02 16:55:14,648 INFO momentum_breakout (trailing): 536440 signals -> 535639 trades executed (2018-01-01 ~ 2023-12-31)
backtest took 347.0s -> 535639 trades

=== summary ===
{'n_signals_executed': 535639, 'n_delisted_early': 26, 'mean_return': np.float64(-0.00692944842120111), 'median_return': np.float64(-0.02710308182271235), 'win_rate': np.float64(0.3290835805458527), 'mdd': np.float64(-0.8456030622101611)}
distribution:
 0.05   -0.113148
0.25   -0.058604
0.50   -0.027103
0.75    0.019018
0.95    0.167585
Name: net_return, dtype: float64
yearly:
    year  n_trades  mean_return  median_return  win_rate
0  2018     68152    -0.018252      -0.032284  0.287020
1  2019     71478    -0.009168      -0.026456  0.322267
2  2020    110138     0.010268      -0.019500  0.393125
3  2021    114499    -0.006193      -0.026137  0.332186
4  2022     85411    -0.017933      -0.031824  0.288616
5  2023     85961    -0.008172      -0.027630  0.322123
exit_reason:
 exit_reason
trailing_stop     516751
max_holding        18862
delisted_early        26
Name: count, dtype: int64
exempt counts:
 exempt
False    528136
True       7503
Name: count, dtype: int64
exempt-only mean_return: -0.0011104993743914651
non-exempt mean_return: -0.007012115716553467
